Archive member included to satisfy reference by file (symbol)

c:/program files (x86)/atmel/studio/7.0/toolchain/arm/arm-gnu-toolchain/bin/../lib/gcc/arm-none-eabi/6.3.1/thumb/v6-m\libgcc.a(_udivsi3.o)
                              ff.o (__aeabi_uidiv)
c:/program files (x86)/atmel/studio/7.0/toolchain/arm/arm-gnu-toolchain/bin/../lib/gcc/arm-none-eabi/6.3.1/thumb/v6-m\libgcc.a(_dvmd_tls.o)
                              c:/program files (x86)/atmel/studio/7.0/toolchain/arm/arm-gnu-toolchain/bin/../lib/gcc/arm-none-eabi/6.3.1/thumb/v6-m\libgcc.a(_udivsi3.o) (__aeabi_idiv0)
c:/program files (x86)/atmel/studio/7.0/toolchain/arm/arm-gnu-toolchain/bin/../lib/gcc/arm-none-eabi/6.3.1/thumb/v6-m\libgcc.a(_aeabi_uldivmod.o)
                              USART3.o (__aeabi_uldivmod)
c:/program files (x86)/atmel/studio/7.0/toolchain/arm/arm-gnu-toolchain/bin/../lib/gcc/arm-none-eabi/6.3.1/thumb/v6-m\libgcc.a(_udivmoddi4.o)
                              c:/program files (x86)/atmel/studio/7.0/toolchain/arm/arm-gnu-toolchain/bin/../lib/gcc/arm-none-eabi/6.3.1/thumb/v6-m\libgcc.a(_aeabi_uldivmod.o) (__udivmoddi4)
c:/program files (x86)/atmel/studio/7.0/toolchain/arm/arm-gnu-toolchain/bin/../lib/gcc/arm-none-eabi/6.3.1/thumb/v6-m\libgcc.a(_clzdi2.o)
                              c:/program files (x86)/atmel/studio/7.0/toolchain/arm/arm-gnu-toolchain/bin/../lib/gcc/arm-none-eabi/6.3.1/thumb/v6-m\libgcc.a(_udivmoddi4.o) (__clzdi2)
c:/program files (x86)/atmel/studio/7.0/toolchain/arm/arm-gnu-toolchain/bin/../lib/gcc/arm-none-eabi/6.3.1/thumb/v6-m\libgcc.a(_clzsi2.o)
                              c:/program files (x86)/atmel/studio/7.0/toolchain/arm/arm-gnu-toolchain/bin/../lib/gcc/arm-none-eabi/6.3.1/thumb/v6-m\libgcc.a(_clzdi2.o) (__clzsi2)
c:/program files (x86)/atmel/studio/7.0/toolchain/arm/arm-gnu-toolchain/bin/../lib/gcc/arm-none-eabi/6.3.1/../../../../arm-none-eabi/lib/thumb/v6-m\libc.a(lib_a-exit.o)
                              c:/program files (x86)/atmel/studio/7.0/toolchain/arm/arm-gnu-toolchain/bin/../lib/gcc/arm-none-eabi/6.3.1/../../../../arm-none-eabi/lib/thumb/v6-m/crt0.o (exit)
c:/program files (x86)/atmel/studio/7.0/toolchain/arm/arm-gnu-toolchain/bin/../lib/gcc/arm-none-eabi/6.3.1/../../../../arm-none-eabi/lib/thumb/v6-m\libc.a(lib_a-impure.o)
                              c:/program files (x86)/atmel/studio/7.0/toolchain/arm/arm-gnu-toolchain/bin/../lib/gcc/arm-none-eabi/6.3.1/../../../../arm-none-eabi/lib/thumb/v6-m\libc.a(lib_a-exit.o) (_global_impure_ptr)
c:/program files (x86)/atmel/studio/7.0/toolchain/arm/arm-gnu-toolchain/bin/../lib/gcc/arm-none-eabi/6.3.1/../../../../arm-none-eabi/lib/thumb/v6-m\libc.a(lib_a-init.o)
                              c:/program files (x86)/atmel/studio/7.0/toolchain/arm/arm-gnu-toolchain/bin/../lib/gcc/arm-none-eabi/6.3.1/../../../../arm-none-eabi/lib/thumb/v6-m/crt0.o (__libc_init_array)
c:/program files (x86)/atmel/studio/7.0/toolchain/arm/arm-gnu-toolchain/bin/../lib/gcc/arm-none-eabi/6.3.1/../../../../arm-none-eabi/lib/thumb/v6-m\libc.a(lib_a-memset.o)
                              c:/program files (x86)/atmel/studio/7.0/toolchain/arm/arm-gnu-toolchain/bin/../lib/gcc/arm-none-eabi/6.3.1/../../../../arm-none-eabi/lib/thumb/v6-m/crt0.o (memset)
c:/program files (x86)/atmel/studio/7.0/toolchain/arm/arm-gnu-toolchain/bin/../lib/gcc/arm-none-eabi/6.3.1/../../../../arm-none-eabi/lib/thumb/v6-m\libc.a(lib_a-__call_atexit.o)
                              c:/program files (x86)/atmel/studio/7.0/toolchain/arm/arm-gnu-toolchain/bin/../lib/gcc/arm-none-eabi/6.3.1/../../../../arm-none-eabi/lib/thumb/v6-m\libc.a(lib_a-exit.o) (__call_exitprocs)
c:/program files (x86)/atmel/studio/7.0/toolchain/arm/arm-gnu-toolchain/bin/../lib/gcc/arm-none-eabi/6.3.1/../../../../arm-none-eabi/lib/thumb/v6-m\libc.a(lib_a-atexit.o)
                              c:/program files (x86)/atmel/studio/7.0/toolchain/arm/arm-gnu-toolchain/bin/../lib/gcc/arm-none-eabi/6.3.1/../../../../arm-none-eabi/lib/thumb/v6-m\libc.a(lib_a-__call_atexit.o) (atexit)
c:/program files (x86)/atmel/studio/7.0/toolchain/arm/arm-gnu-toolchain/bin/../lib/gcc/arm-none-eabi/6.3.1/../../../../arm-none-eabi/lib/thumb/v6-m\libc.a(lib_a-fini.o)
                              c:/program files (x86)/atmel/studio/7.0/toolchain/arm/arm-gnu-toolchain/bin/../lib/gcc/arm-none-eabi/6.3.1/../../../../arm-none-eabi/lib/thumb/v6-m\libc.a(lib_a-__call_atexit.o) (__libc_fini_array)
c:/program files (x86)/atmel/studio/7.0/toolchain/arm/arm-gnu-toolchain/bin/../lib/gcc/arm-none-eabi/6.3.1/../../../../arm-none-eabi/lib/thumb/v6-m\libc.a(lib_a-lock.o)
                              c:/program files (x86)/atmel/studio/7.0/toolchain/arm/arm-gnu-toolchain/bin/../lib/gcc/arm-none-eabi/6.3.1/../../../../arm-none-eabi/lib/thumb/v6-m\libc.a(lib_a-__call_atexit.o) (__retarget_lock_acquire_recursive)
[...]
Memory Configuration

Name             Origin             Length             Attributes
rom              0x00000000         0x00040000         xr
ram              0x20000000         0x00008000         xrw
*default*        0x00000000         0xffffffff

Linker script and memory map

LOAD c:/program files (x86)/atmel/studio/7.0/toolchain/arm/arm-gnu-toolchain/bin/../lib/gcc/arm-none-eabi/6.3.1/thumb/v6-m/crti.o
LOAD c:/program files (x86)/atmel/studio/7.0/toolchain/arm/arm-gnu-toolchain/bin/../lib/gcc/arm-none-eabi/6.3.1/thumb/v6-m/crtbegin.o
LOAD c:/program files (x86)/atmel/studio/7.0/toolchain/arm/arm-gnu-toolchain/bin/../lib/gcc/arm-none-eabi/6.3.1/../../../../arm-none-eabi/lib/thumb/v6-m/crt0.o
LOAD app.o
LOAD clock.o
LOAD delay.o
LOAD Device_Startup/startup_samd21.o
LOAD Device_Startup/system_samd21.o
LOAD diskio.o
LOAD ff.o
LOAD main.o
LOAD sd.o
LOAD SPI.o
LOAD USART3.o
START GROUP
LOAD c:/program files (x86)/atmel/studio/7.0/toolchain/arm/arm-gnu-toolchain/bin/../lib/gcc/arm-none-eabi/6.3.1/../../../../arm-none-eabi/lib/thumb/v6-m\libm.a
END GROUP
Address of section .text set to 0x2000
START GROUP
LOAD c:/program files (x86)/atmel/studio/7.0/toolchain/arm/arm-gnu-toolchain/bin/../lib/gcc/arm-none-eabi/6.3.1/thumb/v6-m\libgcc.a
LOAD c:/program files (x86)/atmel/studio/7.0/toolchain/arm/arm-gnu-toolchain/bin/../lib/gcc/arm-none-eabi/6.3.1/../../../../arm-none-eabi/lib/thumb/v6-m\libc.a
END GROUP
LOAD c:/program files (x86)/atmel/studio/7.0/toolchain/arm/arm-gnu-toolchain/bin/../lib/gcc/arm-none-eabi/6.3.1/thumb/v6-m/crtend.o
LOAD c:/program files (x86)/atmel/studio/7.0/toolchain/arm/arm-gnu-toolchain/bin/../lib/gcc/arm-none-eabi/6.3.1/thumb/v6-m/crtn.o
                0x00002000                STACK_SIZE = DEFINED (STACK_SIZE)?STACK_SIZE:DEFINED (__stack_size__)?__stack_size__:0x2000

.text           0x00002000     0x2aa8
                0x00002000                . = ALIGN (0x4)
                0x00002000                _sfixed = .
 *(.vectors .vectors.*)
 .vectors       0x00002000       0xb4 Device_Startup/startup_samd21.o
                0x00002000                exception_table
 *(.text .text.* .gnu.linkonce.t.*)
 .text          0x000020b4       0x60 c:/program files (x86)/atmel/studio/7.0/toolchain/arm/arm-gnu-toolchain/bin/../lib/gcc/arm-none-eabi/6.3.1/thumb/v6-m/crtbegin.o
 .text.AppInit  0x00002114       0x20 app.o
                0x00002114                AppInit
 .text.AppRun   0x00002134      0x1e8 app.o
                0x00002134                AppRun
 .text.ClocksInit
                0x0000231c      0x10c clock.o
                0x0000231c                ClocksInit
 .text.delay_n_cycles
                0x00002428        0xc delay.o
                0x00002428                delay_n_cycles
 .text.Dummy_Handler
                0x00002434        0x2 Device_Startup/startup_samd21.o
                0x00002434                SVCall_Handler
                0x00002434                DMAC_Handler
                0x00002434                HardFault_Handler
                0x00002434                AC_Handler
                0x00002434                SysTick_Handler
                0x00002434                PendSV_Handler
                0x00002434                SERCOM1_Handler
                0x00002434                ADC_Handler
                0x00002434                NonMaskableInt_Handler
                0x00002434                TCC1_Handler
                0x00002434                SERCOM2_Handler
                0x00002434                TCC0_Handler
                0x00002434                RTC_Handler
                0x00002434                EIC_Handler
                0x00002434                WDT_Handler
                0x00002434                TC4_Handler
                0x00002434                USB_Handler
                0x00002434                TC3_Handler
                0x00002434                Dummy_Handler
                0x00002434                PM_Handler
                0x00002434                SERCOM5_Handler
                0x00002434                TCC2_Handler
                0x00002434                EVSYS_Handler
                0x00002434                SERCOM3_Handler
                0x00002434                SERCOM4_Handler
                0x00002434                I2S_Handler
                0x00002434                NVMCTRL_Handler
                0x00002434                SERCOM0_Handler
                0x00002434                DAC_Handler
                0x00002434                PTC_Handler
                0x00002434                TC5_Handler
                0x00002434                SYSCTRL_Handler
 *fill*         0x00002436        0x2 
 .text.Reset_Handler
                0x00002438       0xe4 Device_Startup/startup_samd21.o
                0x00002438                Reset_Handler
 .text.disk_status
                0x0000251c        0x8 diskio.o
                0x0000251c                disk_status
 .text.disk_initialize
                0x00002524       0x18 diskio.o
                0x00002524                disk_initialize
 .text.disk_read
                0x0000253c       0x28 diskio.o
                0x0000253c                disk_read
 .text.disk_write
                0x00002564       0x34 diskio.o
                0x00002564                disk_write
 .text.disk_ioctl
                0x00002598       0x4c diskio.o
                0x00002598                disk_ioctl
 .text.get_fattime
                0x000025e4        0x4 diskio.o
                0x000025e4                get_fattime
 .text.mem_cpy  0x000025e8       0x14 ff.o
 .text.ld_clust
                0x000025fc       0x22 ff.o
 .text.get_ldnumber
                0x0000261e       0x56 ff.o
 .text.sync_window
                0x00002674       0x6c ff.o
 .text.move_window
                0x000026e0       0x40 ff.o
 .text.check_fs
                0x00002720       0xa0 ff.o
 .text.validate
                0x000027c0       0x3c ff.o
 .text.find_volume
                0x000027fc      0x3dc ff.o
 .text.sync_fs  0x00002bd8       0xf4 ff.o
 .text.clust2sect
                0x00002ccc       0x18 ff.o
                0x00002ccc                clust2sect
 .text.get_fat  0x00002ce4       0xf8 ff.o
                0x00002ce4                get_fat
 .text.dir_sdi  0x00002ddc       0xb0 ff.o
 .text.put_fat  0x00002e8c      0x14c ff.o
                0x00002e8c                put_fat
 .text.create_chain
                0x00002fd8       0xcc ff.o
 .text.dir_next
                0x000030a4      0x124 ff.o
 .text.follow_path
                0x000031c8      0x290 ff.o
 .text.dir_register
                0x00003458       0x84 ff.o
 .text.remove_chain
                0x000034dc       0x7c ff.o
 .text.f_mount  0x00003558       0x70 ff.o
                0x00003558                f_mount
 .text.f_open   0x000035c8      0x1a0 ff.o
                0x000035c8                f_open
 .text.f_read   0x00003768      0x1ac ff.o
                0x00003768                f_read
 .text.f_write  0x00003914      0x1f4 ff.o
                0x00003914                f_write
 .text.f_sync   0x00003b08       0xb4 ff.o
                0x00003b08                f_sync
 .text.f_close  0x00003bbc       0x28 ff.o
                0x00003bbc                f_close
 .text.f_gets   0x00003be4       0x54 ff.o
                0x00003be4                f_gets
 .text.main     0x00003c38       0x14 main.o
                0x00003c38                main
 .text.SDCard_SS
                0x00003c4c       0x34 sd.o
                0x00003c4c                SDCard_SS
 .text.SDCard_WriteCmd
                0x00003c80       0x9c sd.o
                0x00003c80                SDCard_WriteCmd
 .text.SDCard_Init
                0x00003d1c      0x1a4 sd.o
                0x00003d1c                SDCard_Init
 .text.SPI_Initialize_Fast
                0x00003ec0       0xa4 SPI.o
                0x00003ec0                SPI_Initialize_Fast
 .text.SPI_Initialize_Slow
                0x00003f64       0xa4 SPI.o
                0x00003f64                SPI_Initialize_Slow
 .text.SPI_Exchange8bit
                0x00004008       0x20 SPI.o
                0x00004008                SPI_Exchange8bit
 .text.SPI_SD_Send_Byte
                0x00004028        0xc SPI.o
                0x00004028                SPI_SD_Send_Byte
 .text.SPI_SD_Read_Byte
                0x00004034       0x10 SPI.o
                0x00004034                SPI_SD_Read_Byte
 .text.UART3_Init
                0x00004044       0xa8 USART3.o
                0x00004044                UART3_Init
 .text.UART3_Write
                0x000040ec       0x18 USART3.o
                0x000040ec                UART3_Write
 .text.UART3_Write_Text
                0x00004104       0x28 USART3.o
                0x00004104                UART3_Write_Text
 .text          0x0000412c      0x114 c:/program files (x86)/atmel/studio/7.0/toolchain/arm/arm-gnu-toolchain/bin/../lib/gcc/arm-none-eabi/6.3.1/thumb/v6-m\libgcc.a(_udivsi3.o)
                0x0000412c                __aeabi_uidiv
                0x0000412c                __udivsi3
                0x00004238                __aeabi_uidivmod
 .text          0x00004240        0x4 c:/program files (x86)/atmel/studio/7.0/toolchain/arm/arm-gnu-toolchain/bin/../lib/gcc/arm-none-eabi/6.3.1/thumb/v6-m\libgcc.a(_dvmd_tls.o)
                0x00004240                __aeabi_idiv0
                0x00004240                __aeabi_ldiv0
 .text          0x00004244       0x40 c:/program files (x86)/atmel/studio/7.0/toolchain/arm/arm-gnu-toolchain/bin/../lib/gcc/arm-none-eabi/6.3.1/thumb/v6-m\libgcc.a(_aeabi_uldivmod.o)
                0x00004244                __aeabi_uldivmod
 .text          0x00004284      0x180 c:/program files (x86)/atmel/studio/7.0/toolchain/arm/arm-gnu-toolchain/bin/../lib/gcc/arm-none-eabi/6.3.1/thumb/v6-m\libgcc.a(_udivmoddi4.o)
                0x00004284                __udivmoddi4
 .text          0x00004404       0x18 c:/program files (x86)/atmel/studio/7.0/toolchain/arm/arm-gnu-toolchain/bin/../lib/gcc/arm-none-eabi/6.3.1/thumb/v6-m\libgcc.a(_clzdi2.o)
                0x00004404                __clzdi2
 .text          0x0000441c       0x3c c:/program files (x86)/atmel/studio/7.0/toolchain/arm/arm-gnu-toolchain/bin/../lib/gcc/arm-none-eabi/6.3.1/thumb/v6-m\libgcc.a(_clzsi2.o)
                0x0000441c                __clzsi2
 .text.__libc_init_array
                0x00004458       0x48 c:/program files (x86)/atmel/studio/7.0/toolchain/arm/arm-gnu-toolchain/bin/../lib/gcc/arm-none-eabi/6.3.1/../../../../arm-none-eabi/lib/thumb/v6-m\libc.a(lib_a-init.o)
                0x00004458                __libc_init_array
 .text.startup.register_fini
                0x000044a0       0x18 c:/program files (x86)/atmel/studio/7.0/toolchain/arm/arm-gnu-toolchain/bin/../lib/gcc/arm-none-eabi/6.3.1/../../../../arm-none-eabi/lib/thumb/v6-m\libc.a(lib_a-__call_atexit.o)
 .text.atexit   0x000044b8       0x10 c:/program files (x86)/atmel/studio/7.0/toolchain/arm/arm-gnu-toolchain/bin/../lib/gcc/arm-none-eabi/6.3.1/../../../../arm-none-eabi/lib/thumb/v6-m\libc.a(lib_a-atexit.o)
                0x000044b8                atexit
 .text.__libc_fini_array
                0x000044c8       0x34 c:/program files (x86)/atmel/studio/7.0/toolchain/arm/arm-gnu-toolchain/bin/../lib/gcc/arm-none-eabi/6.3.1/../../../../arm-none-eabi/lib/thumb/v6-m\libc.a(lib_a-fini.o)
                0x000044c8                __libc_fini_array
 .text.__retarget_lock_acquire_recursive
                0x000044fc        0x4 c:/program files (x86)/atmel/studio/7.0/toolchain/arm/arm-gnu-toolchain/bin/../lib/gcc/arm-none-eabi/6.3.1/../../../../arm-none-eabi/lib/thumb/v6-m\libc.a(lib_a-lock.o)
                0x000044fc                __retarget_lock_acquire_recursive
 .text.__retarget_lock_release_recursive
                0x00004500        0x4 c:/program files (x86)/atmel/studio/7.0/toolchain/arm/arm-gnu-toolchain/bin/../lib/gcc/arm-none-eabi/6.3.1/../../../../arm-none-eabi/lib/thumb/v6-m\libc.a(lib_a-lock.o)
                0x00004500                __retarget_lock_release_recursive
 .text.__register_exitproc
                0x00004504       0xf4 c:/program files (x86)/atmel/studio/7.0/toolchain/arm/arm-gnu-toolchain/bin/../lib/gcc/arm-none-eabi/6.3.1/../../../../arm-none-eabi/lib/thumb/v6-m\libc.a(lib_a-__atexit.o)
                0x00004504                __register_exitproc
 *(.glue_7t)
 .glue_7t       0x000045f8        0x0 linker stubs
 *(.glue_7)
 .glue_7        0x000045f8        0x0 linker stubs
 *(.rodata .rodata* .gnu.linkonce.r.*)
 .rodata.str1.4
                0x000045f8      0x2d4 app.o
 .rodata.str1.4
                0x000048cc       0x22 diskio.o
 *fill*         0x000048ee        0x2 
 .rodata.str1.4
                0x000048f0        0xf ff.o
 *fill*         0x000048ff        0x1 
 .rodata.str1.4
                0x00004900      0x180 sd.o
                                0x17d (size before relaxing)
 .rodata._global_impure_ptr
                0x00004a80        0x4 c:/program files (x86)/atmel/studio/7.0/toolchain/arm/arm-gnu-toolchain/bin/../lib/gcc/arm-none-eabi/6.3.1/../../../../arm-none-eabi/lib/thumb/v6-m\libc.a(lib_a-impure.o)
                0x00004a80                _global_impure_ptr
 *(.ARM.extab* .gnu.linkonce.armextab.*)
                0x00004a84                . = ALIGN (0x4)
 *(.init)
 .init          0x00004a84        0x4 c:/program files (x86)/atmel/studio/7.0/toolchain/arm/arm-gnu-toolchain/bin/../lib/gcc/arm-none-eabi/6.3.1/thumb/v6-m/crti.o
                0x00004a84                _init
 .init          0x00004a88        0x8 c:/program files (x86)/atmel/studio/7.0/toolchain/arm/arm-gnu-toolchain/bin/../lib/gcc/arm-none-eabi/6.3.1/thumb/v6-m/crtn.o
                0x00004a90                . = ALIGN (0x4)
                0x00004a90                __preinit_array_start = .
 *(.preinit_array)
                0x00004a90                __preinit_array_end = .
                0x00004a90                . = ALIGN (0x4)
                0x00004a90                __init_array_start = .
 *(SORT(.init_array.*))
 .init_array.00000
                0x00004a90        0x4 c:/program files (x86)/atmel/studio/7.0/toolchain/arm/arm-gnu-toolchain/bin/../lib/gcc/arm-none-eabi/6.3.1/../../../../arm-none-eabi/lib/thumb/v6-m\libc.a(lib_a-__call_atexit.o)
 *(.init_array)
 .init_array    0x00004a94        0x4 c:/program files (x86)/atmel/studio/7.0/toolchain/arm/arm-gnu-toolchain/bin/../lib/gcc/arm-none-eabi/6.3.1/thumb/v6-m/crtbegin.o
                0x00004a98                __init_array_end = .
                0x00004a98                . = ALIGN (0x4)
 *crtbegin.o(.ctors)
 *(EXCLUDE_FILE(*crtend.o) .ctors)
 *(SORT(.ctors.*))
 *crtend.o(.ctors)
                0x00004a98                . = ALIGN (0x4)
 *(.fini)
 .fini          0x00004a98        0x4 c:/program files (x86)/atmel/studio/7.0/toolchain/arm/arm-gnu-toolchain/bin/../lib/gcc/arm-none-eabi/6.3.1/thumb/v6-m/crti.o
                0x00004a98                _fini
 .fini          0x00004a9c        0x8 c:/program files (x86)/atmel/studio/7.0/toolchain/arm/arm-gnu-toolchain/bin/../lib/gcc/arm-none-eabi/6.3.1/thumb/v6-m/crtn.o
                0x00004aa4                . = ALIGN (0x4)
                0x00004aa4                __fini_array_start = .
 *(.fini_array)
 .fini_array    0x00004aa4        0x4 c:/program files (x86)/atmel/studio/7.0/toolchain/arm/arm-gnu-toolchain/bin/../lib/gcc/arm-none-eabi/6.3.1/thumb/v6-m/crtbegin.o
 *(SORT(.fini_array.*))
                0x00004aa8                __fini_array_end = .
 *crtbegin.o(.dtors)
 *(EXCLUDE_FILE(*crtend.o) .dtors)
 *(SORT(.dtors.*))
 *crtend.o(.dtors)
                0x00004aa8                . = ALIGN (0x4)
                0x00004aa8                _efixed = .
                [!provide]                PROVIDE (__exidx_start, .)

.vfp11_veneer   0x00004aa8        0x0
 .vfp11_veneer  0x00004aa8        0x0 linker stubs

.v4_bx          0x00004aa8        0x0
 .v4_bx         0x00004aa8        0x0 linker stubs

.iplt           0x00004aa8        0x0
 .iplt          0x00004aa8        0x0 c:/program files (x86)/atmel/studio/7.0/toolchain/arm/arm-gnu-toolchain/bin/../lib/gcc/arm-none-eabi/6.3.1/thumb/v6-m/crtbegin.o

.ARM.exidx      0x00004aa8        0x8
 *(.ARM.exidx* .gnu.linkonce.armexidx.*)
 .ARM.exidx     0x00004aa8        0x8 c:/program files (x86)/atmel/studio/7.0/toolchain/arm/arm-gnu-toolchain/bin/../lib/gcc/arm-none-eabi/6.3.1/thumb/v6-m\libgcc.a(_udivmoddi4.o)
                [!provide]                PROVIDE (__exidx_end, .)

.eh_frame       0x00004ab0        0x0
 .eh_frame      0x00004ab0        0x0 c:/program files (x86)/atmel/studio/7.0/toolchain/arm/arm-gnu-toolchain/bin/../lib/gcc/arm-none-eabi/6.3.1/thumb/v6-m/crtbegin.o

.rel.dyn        0x00004ab0        0x0
 .rel.iplt      0x00004ab0        0x0 c:/program files (x86)/atmel/studio/7.0/toolchain/arm/arm-gnu-toolchain/bin/../lib/gcc/arm-none-eabi/6.3.1/thumb/v6-m/crtbegin.o

.jcr            0x00004ab0        0x0
 .jcr           0x00004ab0        0x0 c:/program files (x86)/atmel/studio/7.0/toolchain/arm/arm-gnu-toolchain/bin/../lib/gcc/arm-none-eabi/6.3.1/thumb/v6-m/crtbegin.o

.igot.plt       0x00004ab0        0x0
 .igot.plt      0x00004ab0        0x0 c:/program files (x86)/atmel/studio/7.0/toolchain/arm/arm-gnu-toolchain/bin/../lib/gcc/arm-none-eabi/6.3.1/thumb/v6-m/crtbegin.o
                0x00004ab0                . = ALIGN (0x4)
                0x00004ab0                _etext = .

.relocate       0x20000000      0x43c load address 0x00004ab0
                0x20000000                . = ALIGN (0x4)
                0x20000000                _srelocate = .
 *(.ramfunc .ramfunc.*)
 *(.data .data.*)
 .data          0x20000000        0xc app.o
                0x20000000                data_file
 *fill*         0x2000000c        0x4 
 .data.impure_data
                0x20000010      0x428 c:/program files (x86)/atmel/studio/7.0/toolchain/arm/arm-gnu-toolchain/bin/../lib/gcc/arm-none-eabi/6.3.1/../../../../arm-none-eabi/lib/thumb/v6-m\libc.a(lib_a-impure.o)
 .data.__atexit_recursive_mutex
                0x20000438        0x4 c:/program files (x86)/atmel/studio/7.0/toolchain/arm/arm-gnu-toolchain/bin/../lib/gcc/arm-none-eabi/6.3.1/../../../../arm-none-eabi/lib/thumb/v6-m\libc.a(lib_a-__call_atexit.o)
                0x20000438                __atexit_recursive_mutex
                0x2000043c                . = ALIGN (0x4)
                0x2000043c                _erelocate = .

.bss            0x2000043c      0x6a8 load address 0x00004eec
                0x2000043c                . = ALIGN (0x4)
                0x2000043c                _sbss = .
                0x2000043c                _szero = .
 *(.bss .bss.*)
 .bss           0x2000043c       0x1c c:/program files (x86)/atmel/studio/7.0/toolchain/arm/arm-gnu-toolchain/bin/../lib/gcc/arm-none-eabi/6.3.1/thumb/v6-m/crtbegin.o
 .bss           0x20000458        0x6 ff.o
 .bss           0x2000045e        0x1 sd.o
                0x2000045e                SD_Type
 *(COMMON)
 *fill*         0x2000045f        0x1 
 COMMON         0x20000460      0x45c app.o
                0x20000460                fs
                0x20000690                FR
                0x20000694                bw
                0x20000698                fil
 COMMON         0x200008bc      0x201 sd.o
                0x200008bc                dataBuffer
                0x20000abc                fr
 *fill*         0x20000abd        0x3 
 COMMON         0x20000ac0       0x21 c:/program files (x86)/atmel/studio/7.0/toolchain/arm/arm-gnu-toolchain/bin/../lib/gcc/arm-none-eabi/6.3.1/../../../../arm-none-eabi/lib/thumb/v6-m\libc.a(lib_a-lock.o)
                0x20000ac0                __lock___atexit_recursive_mutex
                0x20000ac4                __lock___arc4random_mutex
                0x20000ac8                __lock___env_recursive_mutex
                0x20000acc                __lock___sinit_recursive_mutex
                0x20000ad0                __lock___malloc_recursive_mutex
                0x20000ad4                __lock___at_quick_exit_mutex
                0x20000ad8                __lock___dd_hash_mutex
                0x20000adc                __lock___tz_mutex
                0x20000ae0                __lock___sfp_recursive_mutex
                0x20000ae4                . = ALIGN (0x4)
 *fill*         0x20000ae1        0x3 
                0x20000ae4                _ebss = .
                0x20000ae4                _ezero = .

.stack          0x20000ae4     0x2004 load address 0x00005594
                0x20000ae8                . = ALIGN (0x8)
 *fill*         0x20000ae4        0x4 
                0x20000ae8                _sstack = .
                0x20002ae8                . = (. + STACK_SIZE)
 *fill*         0x20000ae8     0x2000 
                0x20002ae8                . = ALIGN (0x8)
                0x20002ae8                _estack = .
                0x20002ae8                . = ALIGN (0x4)
                0x20002ae8                _end = .
OUTPUT(I01_SD_Card.elf elf32-littlearm)

.ARM.attributes
                0x00000000       0x28
 .ARM.attributes
                0x00000000       0x1e c:/program files (x86)/atmel/studio/7.0/toolchain/arm/arm-gnu-toolchain/bin/../lib/gcc/arm-none-eabi/6.3.1/thumb/v6-m/crti.o
 .ARM.attributes
                0x0000001e       0x2c c:/program files (x86)/atmel/studio/7.0/toolchain/arm/arm-gnu-toolchain/bin/../lib/gcc/arm-none-eabi/6.3.1/thumb/v6-m/crtbegin.o
 .ARM.attributes
                0x0000004a       0x32 app.o
 .ARM.attributes
                0x0000007c       0x32 clock.o
 .ARM.attributes
                0x000000ae       0x32 delay.o
 .ARM.attributes
                0x000000e0       0x32 Device_Startup/startup_samd21.o
 .ARM.attributes
                0x00000112       0x32 diskio.o
 .ARM.attributes
                0x00000144       0x32 ff.o
 .ARM.attributes
                0x00000176       0x32 main.o
 .ARM.attributes
                0x000001a8       0x32 sd.o
 .ARM.attributes
                0x000001da       0x32 SPI.o
 .ARM.attributes
                0x0000020c       0x32 USART3.o
 .ARM.attributes
                0x0000023e       0x1e c:/program files (x86)/atmel/studio/7.0/toolchain/arm/arm-gnu-toolchain/bin/../lib/gcc/arm-none-eabi/6.3.1/thumb/v6-m\libgcc.a(_udivsi3.o)
 .ARM.attributes
                0x0000025c       0x1e c:/program files (x86)/atmel/studio/7.0/toolchain/arm/arm-gnu-toolchain/bin/../lib/gcc/arm-none-eabi/6.3.1/thumb/v6-m\libgcc.a(_dvmd_tls.o)
 .ARM.attributes
                0x0000027a       0x1e c:/program files (x86)/atmel/studio/7.0/toolchain/arm/arm-gnu-toolchain/bin/../lib/gcc/arm-none-eabi/6.3.1/thumb/v6-m\libgcc.a(_aeabi_uldivmod.o)
 .ARM.attributes
                0x00000298       0x2c c:/program files (x86)/atmel/studio/7.0/toolchain/arm/arm-gnu-toolchain/bin/../lib/gcc/arm-none-eabi/6.3.1/thumb/v6-m\libgcc.a(_udivmoddi4.o)
 .ARM.attributes
                0x000002c4       0x1e c:/program files (x86)/atmel/studio/7.0/toolchain/arm/arm-gnu-toolchain/bin/../lib/gcc/arm-none-eabi/6.3.1/thumb/v6-m\libgcc.a(_clzdi2.o)
 .ARM.attributes
                0x000002e2       0x1e c:/program files (x86)/atmel/studio/7.0/toolchain/arm/arm-gnu-toolchain/bin/../lib/gcc/arm-none-eabi/6.3.1/thumb/v6-m\libgcc.a(_clzsi2.o)
 .ARM.attributes
                0x00000300       0x2c c:/program files (x86)/atmel/studio/7.0/toolchain/arm/arm-gnu-toolchain/bin/../lib/gcc/arm-none-eabi/6.3.1/../../../../arm-none-eabi/lib/thumb/v6-m\libc.a(lib_a-impure.o)
 .ARM.attributes
                0x0000032c       0x2c c:/program files (x86)/atmel/studio/7.0/toolchain/arm/arm-gnu-toolchain/bin/../lib/gcc/arm-none-eabi/6.3.1/../../../../arm-none-eabi/lib/thumb/v6-m\libc.a(lib_a-init.o)
 .ARM.attributes
                0x00000358       0x2c c:/program files (x86)/atmel/studio/7.0/toolchain/arm/arm-gnu-toolchain/bin/../lib/gcc/arm-none-eabi/6.3.1/../../../../arm-none-eabi/lib/thumb/v6-m\libc.a(lib_a-__call_atexit.o)
 .ARM.attributes
                0x00000384       0x2c c:/program files (x86)/atmel/studio/7.0/toolchain/arm/arm-gnu-toolchain/bin/../lib/gcc/arm-none-eabi/6.3.1/../../../../arm-none-eabi/lib/thumb/v6-m\libc.a(lib_a-atexit.o)
 .ARM.attributes
                0x000003b0       0x2c c:/program files (x86)/atmel/studio/7.0/toolchain/arm/arm-gnu-toolchain/bin/../lib/gcc/arm-none-eabi/6.3.1/../../../../arm-none-eabi/lib/thumb/v6-m\libc.a(lib_a-fini.o)
 .ARM.attributes
                0x000003dc       0x2c c:/program files (x86)/atmel/studio/7.0/toolchain/arm/arm-gnu-toolchain/bin/../lib/gcc/arm-none-eabi/6.3.1/../../../../arm-none-eabi/lib/thumb/v6-m\libc.a(lib_a-lock.o)
 .ARM.attributes
                0x00000408       0x2c c:/program files (x86)/atmel/studio/7.0/toolchain/arm/arm-gnu-toolchain/bin/../lib/gcc/arm-none-eabi/6.3.1/../../../../arm-none-eabi/lib/thumb/v6-m\libc.a(lib_a-__atexit.o)
 .ARM.attributes
                0x00000434       0x1e c:/program files (x86)/atmel/studio/7.0/toolchain/arm/arm-gnu-toolchain/bin/../lib/gcc/arm-none-eabi/6.3.1/thumb/v6-m/crtn.o

.comment        0x00000000       0x59
 .comment       0x00000000       0x59 app.o
                                 0x5a (size before relaxing)
 .comment       0x00000059       0x5a clock.o
 .comment       0x00000059       0x5a delay.o
 .comment       0x00000059       0x5a Device_Startup/startup_samd21.o
 .comment       0x00000059       0x5a diskio.o
 .comment       0x00000059       0x5a ff.o
 .comment       0x00000059       0x5a main.o
 .comment       0x00000059       0x5a sd.o
 .comment       0x00000059       0x5a SPI.o
 .comment       0x00000059       0x5a USART3.o

.debug_info     0x00000000    0x11b3c
 .debug_info    0x00000000     0x116a app.o
 .debug_info    0x0000116a     0x2799 clock.o
 .debug_info    0x00003903       0x5a delay.o
 .debug_info    0x0000395d     0x3a28 Device_Startup/startup_samd21.o
 .debug_info    0x00007385      0x5f1 diskio.o
 .debug_info    0x00007976     0x2eeb ff.o
 .debug_info    0x0000a861       0xe9 main.o
 .debug_info    0x0000a94a     0x19b1 sd.o
 .debug_info    0x0000c2fb     0x3022 SPI.o
 .debug_info    0x0000f31d     0x281f USART3.o

.debug_abbrev   0x00000000     0x1361
 .debug_abbrev  0x00000000      0x244 app.o
 .debug_abbrev  0x00000244      0x188 clock.o
 .debug_abbrev  0x000003cc       0x4d delay.o
 .debug_abbrev  0x00000419      0x234 Device_Startup/startup_samd21.o
 .debug_abbrev  0x0000064d      0x1e4 diskio.o
 .debug_abbrev  0x00000831      0x325 ff.o
 .debug_abbrev  0x00000b56       0x86 main.o
 .debug_abbrev  0x00000bdc      0x344 sd.o
 .debug_abbrev  0x00000f20      0x21a SPI.o
 .debug_abbrev  0x0000113a      0x227 USART3.o

.debug_loc      0x00000000     0x56de
 .debug_loc     0x00000000       0x4d app.o
 .debug_loc     0x0000004d       0x6b clock.o
 .debug_loc     0x000000b8       0x40 Device_Startup/startup_samd21.o
 .debug_loc     0x000000f8      0x4a9 diskio.o
 .debug_loc     0x000005a1     0x4acc ff.o
 .debug_loc     0x0000506d       0x20 main.o
 .debug_loc     0x0000508d      0x470 sd.o
 .debug_loc     0x000054fd       0x82 SPI.o
 .debug_loc     0x0000557f      0x15f USART3.o

.debug_aranges  0x00000000      0x368
 .debug_aranges
                0x00000000       0x28 app.o
 .debug_aranges
                0x00000028       0x20 clock.o
 .debug_aranges
                0x00000048       0x20 delay.o
 .debug_aranges
                0x00000068       0x28 Device_Startup/startup_samd21.o
 .debug_aranges
                0x00000090       0x70 diskio.o
 .debug_aranges
                0x00000100      0x178 ff.o
 .debug_aranges
                0x00000278       0x20 main.o
 .debug_aranges
                0x00000298       0x50 sd.o
 .debug_aranges
                0x000002e8       0x40 SPI.o
 .debug_aranges
                0x00000328       0x40 USART3.o

.debug_ranges   0x00000000      0x360
 .debug_ranges  0x00000000       0x18 app.o
 .debug_ranges  0x00000018       0x10 clock.o
 .debug_ranges  0x00000028       0x10 delay.o
 .debug_ranges  0x00000038       0x18 Device_Startup/startup_samd21.o
 .debug_ranges  0x00000050       0x60 diskio.o
 .debug_ranges  0x000000b0      0x1e8 ff.o
 .debug_ranges  0x00000298       0x10 main.o
 .debug_ranges  0x000002a8       0x58 sd.o
 .debug_ranges  0x00000300       0x30 SPI.o
 .debug_ranges  0x00000330       0x30 USART3.o

.debug_macro    0x00000000    0x13eee
 .debug_macro   0x00000000      0x51d app.o
 .debug_macro   0x0000051d      0x8bc app.o
 .debug_macro   0x00000dd9       0x22 app.o
 .debug_macro   0x00000dfb       0x52 app.o
 .debug_macro   0x00000e4d       0x8d app.o
 .debug_macro   0x00000eda       0x35 app.o
 .debug_macro   0x00000f0f       0x9c app.o
 .debug_macro   0x00000fab      0x16d app.o
 .debug_macro   0x00001118       0x57 app.o
 .debug_macro   0x0000116f       0x58 app.o
 .debug_macro   0x000011c7       0x1f app.o
 .debug_macro   0x000011e6       0x43 app.o
 .debug_macro   0x00001229       0x20 app.o
 .debug_macro   0x00001249      0x187 app.o
 .debug_macro   0x000013d0      0x353 app.o
 .debug_macro   0x00001723       0x10 app.o
 .debug_macro   0x00001733       0x35 app.o
 .debug_macro   0x00001768       0x22 app.o
 .debug_macro   0x0000178a       0x1c app.o
 .debug_macro   0x000017a6       0x10 app.o
 .debug_macro   0x000017b6       0x10 app.o
 .debug_macro   0x000017c6       0x6a app.o
 .debug_macro   0x00001830       0x1c app.o
 .debug_macro   0x0000184c       0x52 app.o
 .debug_macro   0x0000189e       0x40 app.o
 .debug_macro   0x000018de       0x10 app.o
 .debug_macro   0x000018ee       0x40 app.o
 .debug_macro   0x0000192e       0xd7 app.o
 .debug_macro   0x00001a05       0x16 app.o
 .debug_macro   0x00001a1b      0x18b app.o
 .debug_macro   0x00001ba6       0x16 app.o
 .debug_macro   0x00001bbc       0x16 app.o
 .debug_macro   0x00001bd2       0x29 app.o
 .debug_macro   0x00001bfb       0xef app.o
 .debug_macro   0x00001cea      0x1df app.o
 .debug_macro   0x00001ec9       0x39 app.o
 .debug_macro   0x00001f02       0x1c app.o
 .debug_macro   0x00001f1e       0x22 app.o
 .debug_macro   0x00001f40       0xaf app.o
 .debug_macro   0x00001fef      0x3ad app.o
 .debug_macro   0x0000239c      0x67e app.o
 .debug_macro   0x00002a1a      0x8b1 app.o
 .debug_macro   0x000032cb      0x22e app.o
 .debug_macro   0x000034f9      0xd5c app.o
 .debug_macro   0x00004255      0x4dc app.o
 .debug_macro   0x00004731      0x9f6 app.o
 .debug_macro   0x00005127      0x82b app.o
 .debug_macro   0x00005952      0x45f app.o
 .debug_macro   0x00005db1       0x5e app.o
 .debug_macro   0x00005e0f      0x8f9 app.o
 .debug_macro   0x00006708      0x21c app.o
 .debug_macro   0x00006924      0x735 app.o
 .debug_macro   0x00007059       0x5e app.o
 .debug_macro   0x000070b7      0x632 app.o
 .debug_macro   0x000076e9      0x3ac app.o
 .debug_macro   0x00007a95      0xc76 app.o
 .debug_macro   0x0000870b     0x1092 app.o
 .debug_macro   0x0000979d      0xc4a app.o
 .debug_macro   0x0000a3e7      0x6ba app.o
 .debug_macro   0x0000aaa1     0x1b3d app.o
 .debug_macro   0x0000c5de     0x143c app.o
 .debug_macro   0x0000da1a      0x340 app.o
 .debug_macro   0x0000dd5a       0x7c app.o
 .debug_macro   0x0000ddd6       0xa0 app.o
 .debug_macro   0x0000de76       0x4c app.o
 .debug_macro   0x0000dec2       0xca app.o
 .debug_macro   0x0000df8c       0x94 app.o
 .debug_macro   0x0000e020       0x58 app.o
 .debug_macro   0x0000e078      0x341 app.o
 .debug_macro   0x0000e3b9       0x82 app.o
 .debug_macro   0x0000e43b      0x189 app.o
 .debug_macro   0x0000e5c4       0xb8 app.o
 .debug_macro   0x0000e67c       0xa0 app.o
 .debug_macro   0x0000e71c       0xb2 app.o
 .debug_macro   0x0000e7ce       0x1c app.o
 .debug_macro   0x0000e7ea       0x1c app.o
 .debug_macro   0x0000e806       0x1c app.o
 .debug_macro   0x0000e822       0x7c app.o
 .debug_macro   0x0000e89e      0x15a app.o
 .debug_macro   0x0000e9f8       0x10 app.o
 .debug_macro   0x0000ea08       0xdc app.o
 .debug_macro   0x0000eae4      0x124 app.o
 .debug_macro   0x0000ec08      0x124 app.o
 .debug_macro   0x0000ed2c      0x124 app.o
 .debug_macro   0x0000ee50      0x124 app.o
 .debug_macro   0x0000ef74      0x124 app.o
 .debug_macro   0x0000f098      0x124 app.o
 .debug_macro   0x0000f1bc      0x124 app.o
 .debug_macro   0x0000f2e0       0xe2 app.o
 .debug_macro   0x0000f3c2       0xe2 app.o
 .debug_macro   0x0000f4a4       0xe2 app.o
 .debug_macro   0x0000f586      0x12a app.o
 .debug_macro   0x0000f6b0      0x100 app.o
 .debug_macro   0x0000f7b0       0xf4 app.o
 .debug_macro   0x0000f8a4      0x40f app.o
 .debug_macro   0x0000fcb3       0x40 app.o
 .debug_macro   0x0000fcf3      0x376 app.o
 .debug_macro   0x00010069     0x17df app.o
 .debug_macro   0x00011848       0x6d app.o
 .debug_macro   0x000118b5       0x64 app.o
 .debug_macro   0x00011919       0x10 app.o
 .debug_macro   0x00011929       0x40 app.o
 .debug_macro   0x00011969       0x82 app.o
 .debug_macro   0x000119eb       0x16 app.o
 .debug_macro   0x00011a01       0x7c app.o
 .debug_macro   0x00011a7d       0xdc app.o
 .debug_macro   0x00011b59       0xee app.o
 .debug_macro   0x00011c47      0x30f clock.o
 .debug_macro   0x00011f56       0x87 clock.o
 .debug_macro   0x00011fdd       0x51 clock.o
 .debug_macro   0x0001202e       0xb5 clock.o
 .debug_macro   0x000120e3       0x1a delay.o
 .debug_macro   0x000120fd      0x2fc Device_Startup/startup_samd21.o
 .debug_macro   0x000123f9      0x36e diskio.o
 .debug_macro   0x00012767      0x2a1 ff.o
 .debug_macro   0x00012a08       0xf5 ff.o
 .debug_macro   0x00012afd       0x8e ff.o
 .debug_macro   0x00012b8b       0x58 ff.o
 .debug_macro   0x00012be3      0x30e main.o
 .debug_macro   0x00012ef1       0x10 main.o
 .debug_macro   0x00012f01      0x53d sd.o
 .debug_macro   0x0001343e       0x7c sd.o
 .debug_macro   0x000134ba       0x3f sd.o
 .debug_macro   0x000134f9       0x58 sd.o
 .debug_macro   0x00013551      0x34d sd.o
 .debug_macro   0x0001389e      0x319 SPI.o
 .debug_macro   0x00013bb7      0x337 USART3.o

.debug_line     0x00000000     0x4c5a
 .debug_line    0x00000000      0x8e6 app.o
 .debug_line    0x000008e6      0x740 clock.o
 .debug_line    0x00001026       0x49 delay.o
 .debug_line    0x0000106f      0x6f7 Device_Startup/startup_samd21.o
 .debug_line    0x00001766      0x806 diskio.o
 .debug_line    0x00001f6c      0xd37 ff.o
 .debug_line    0x00002ca3      0x6d9 main.o
 .debug_line    0x0000337c      0x9cf sd.o
 .debug_line    0x00003d4b      0x7a9 SPI.o
 .debug_line    0x000044f4      0x766 USART3.o

.debug_str      0x00000000    0x74986
 .debug_str     0x00000000    0x71d53 app.o
                              0x72190 (size before relaxing)
 .debug_str     0x00071d53      0xa15 clock.o
                              0x6dc67 (size before relaxing)
 .debug_str     0x00072768        0xd delay.o
                               0x2726 (size before relaxing)
 .debug_str     0x00072775      0xf3f Device_Startup/startup_samd21.o
                              0x6e1ef (size before relaxing)
 .debug_str     0x000736b4      0x184 diskio.o
                              0x6d8ba (size before relaxing)
 .debug_str     0x00073838      0x98b ff.o
                               0x3950 (size before relaxing)
 .debug_str     0x000741c3        0xc main.o
                              0x6d203 (size before relaxing)
 .debug_str     0x000741cf      0x163 sd.o
                              0x72457 (size before relaxing)
 .debug_str     0x00074332      0x603 SPI.o
                              0x6dd7f (size before relaxing)
 .debug_str     0x00074935       0x51 USART3.o
                              0x6ddf2 (size before relaxing)

.debug_frame    0x00000000      0xb58
 .debug_frame   0x00000000       0x48 app.o
 .debug_frame   0x00000048       0x20 clock.o
 .debug_frame   0x00000068       0x20 delay.o
 .debug_frame   0x00000088       0x40 Device_Startup/startup_samd21.o
 .debug_frame   0x000000c8       0xe0 diskio.o
 .debug_frame   0x000001a8      0x5a8 ff.o
 .debug_frame   0x00000750       0x28 main.o
 .debug_frame   0x00000778       0xdc sd.o
 .debug_frame   0x00000854       0x70 SPI.o
 .debug_frame   0x000008c4       0x78 USART3.o
 .debug_frame   0x0000093c       0x20 c:/program files (x86)/atmel/studio/7.0/toolchain/arm/arm-gnu-toolchain/bin/../lib/gcc/arm-none-eabi/6.3.1/thumb/v6-m\libgcc.a(_udivsi3.o)
 .debug_frame   0x0000095c       0x3c c:/program files (x86)/atmel/studio/7.0/toolchain/arm/arm-gnu-toolchain/bin/../lib/gcc/arm-none-eabi/6.3.1/thumb/v6-m\libgcc.a(_udivmoddi4.o)
 .debug_frame   0x00000998       0x2c c:/program files (x86)/atmel/studio/7.0/toolchain/arm/arm-gnu-toolchain/bin/../lib/gcc/arm-none-eabi/6.3.1/../../../../arm-none-eabi/lib/thumb/v6-m\libc.a(lib_a-init.o)
 .debug_frame   0x000009c4       0x54 c:/program files (x86)/atmel/studio/7.0/toolchain/arm/arm-gnu-toolchain/bin/../lib/gcc/arm-none-eabi/6.3.1/../../../../arm-none-eabi/lib/thumb/v6-m\libc.a(lib_a-__call_atexit.o)
 .debug_frame   0x00000a18       0x28 c:/program files (x86)/atmel/studio/7.0/toolchain/arm/arm-gnu-toolchain/bin/../lib/gcc/arm-none-eabi/6.3.1/../../../../arm-none-eabi/lib/thumb/v6-m\libc.a(lib_a-atexit.o)
 .debug_frame   0x00000a40       0x2c c:/program files (x86)/atmel/studio/7.0/toolchain/arm/arm-gnu-toolchain/bin/../lib/gcc/arm-none-eabi/6.3.1/../../../../arm-none-eabi/lib/thumb/v6-m\libc.a(lib_a-fini.o)
 .debug_frame   0x00000a6c       0xb0 c:/program files (x86)/atmel/studio/7.0/toolchain/arm/arm-gnu-toolchain/bin/../lib/gcc/arm-none-eabi/6.3.1/../../../../arm-none-eabi/lib/thumb/v6-m\libc.a(lib_a-lock.o)
 .debug_frame   0x00000b1c       0x3c c:/program files (x86)/atmel/studio/7.0/toolchain/arm/arm-gnu-toolchain/bin/../lib/gcc/arm-none-eabi/6.3.1/../../../../arm-none-eabi/lib/thumb/v6-m\libc.a(lib_a-__atexit.o)
